best_tile=16
shanten=1
ukeire=6
live_ukeire=19
self_draw_probability=0.4487
expected_net_score=5.69
expected_win_gain=2.76
expected_deal_in_loss=0.04
reasons=最小向听 1 | 活进张 19 | 净分期望 5.69 | 危险度 28（低危） | 阶段 前期 | 策略 抢听 | 净分期望：估番 1.1，基础 1 分 | 收益 2.76 / 点炮损失 0.04 | 手形好搭 8 | 手形愚形 7 | 同向听改良 40 | 搭子溢出 10 | 下巡可降向听 0 | 宽进张抢听，保持速度 | 路线规划：平胡->平胡 | 平胡路线：保持速度和宽叫 | 前瞻修正 27.01 | 限时搜索 7 次
peng_smoke_action=Peng score=1078 pass=89
an_gang_smoke_action=Gang score=478 pass=67
bao_jiao_self_hu_action=Hu subtype= tile=3
mandatory_self_bao_gang_action=Gang subtype=an_gang tile=3
reported_self_bao_gang_action=Gang subtype=an_gang tile=3
bao_jiao_discard_hu_action=Hu tile=5
mandatory_reaction_bao_gang_action=Gang tile=5
reported_reaction_bao_gang_action=Gang tile=5
bao_jiao_reject_peng_action=Pass scores=pass:0,hu:-100000,gang:-536870912,peng:-100000
risk_calibration_low=0.0286 high=0.3530
posterior_adjusted_candidates=13
shape_aware_candidates=12
evidence_safe=3 no_hu_tile1=0.82
range_wait_denied=0.0088 live=0.5415 wall1=0.9800
posterior_conservation_tile4=2.0000 wall=0.1924 overflow=0.000000
passed_evidence_nohu=0.36 nopeng=0.48 nogal=0.34 wait=0.3820 hold=0.4904
wait_shape_ryanmen=双两面 score=24.8 kanchan=坎张 score=-0.8
limited_lookahead_score=15.94 samples=18 best_shanten=1 best_live=19
hell_oracle_tile=16 category=risk_underestimated severity=high dealin=False
hell_oracle_human_call_tile=17 category=human_peng_suppression severity=medium fair_peng=True oracle_peng=False
hell_oracle_human_gang_tile=17 category=human_gang_suppression severity=high fair_gang=True oracle_gang=False
hell_oracle_pressure_trailing=1 leading=4 leading_reasons=透视向听 0|透视活张 3|透视：保听/成叫|老麻将：抢先下叫，速度优先|手形好搭 1|手形愚形 1|三家协作：主压制 P4，弃牌安全偏置 +620|三家协作：共同压制本家 P4|三家协作：主压制座位 1|三家协作：牌墙透视 18 张
hell_challenge_direct_tile=17 category=hell_challenge_direct pressure=4 feeds_human_peng=False
hell_challenge_reaction_action=Peng score=2394 reasons=地狱挑战：碰后向听 0|地狱挑战：碰后活张 9|围剿：碰本家弃牌，截断本家下一摸 P4|三家协作：主压制 P4，响应截断 +700|团队：响应不明显降速，优先压制本家|三家协作：共同压制本家 P4|三家协作：主压制座位 1|三家协作：牌墙透视 19 张
hell_challenge_team_plan pressure=4 seats=1:lead_suppressor:480,2:interceptor:380,3:catch_up:300
hell_challenge_discard_team_plan tile=5 role=lead_suppressor bonus=620 reasons=透视向听 0|透视活张 4|围剿：本家可碰，威胁 1，惩罚 280|互动保真：普通碰不压过 AI 自身下叫|抢听优先：前期自己能先下叫，不为普通碰放弃速度|透视：保听/成叫|老麻将：抢先下叫，速度优先|手形好搭 6|手形愚形 10|三家协作：主压制 P4，弃牌安全偏置 +620|三家协作：共同压制本家 P4|三家协作：主压制座位 1|三家协作：牌墙透视 36 张
hell_challenge_reaction_team_plan action=Peng scores=pass:-20,peng:2294,gang:-536870912,team_block_human:3600,team_plan_pressure:600 reasons=地狱挑战：碰后向听 0|地狱挑战：碰后活张 9|围剿：碰本家弃牌，截断本家下一摸 P4|三家协作：截断 P4，响应截断 +600|团队：响应不明显降速，优先压制本家|三家协作：共同压制本家 P4|三家协作：主压制座位 1|三家协作：牌墙透视 19 张
hell_challenge_non_human_middle_peng_action=Pass pass=16 peng=-80 current=2/15 after=2/15 reasons=地狱挑战：过牌保留当前路径|当前活张 15
hell_challenge_bao_jiao_discard_tile=17 category=bao_jiao_route reasons=报叫专线：已报叫后摸什么出什么|C#只允许出本轮摸牌，前端不得替换为其他手牌
hell_challenge_bao_jiao_reaction_action=Pass scores=pass:0,hu:-100000,gang:-536870912,peng:-100000 reasons=报叫专线：非胡非报杠只能过|已报叫玩家不能再碰牌改形
hell_challenge_peng_interaction_tile=5 feeds_peng=True ready=True role=interceptor reasons=透视向听 0|透视活张 4|围剿：本家可碰，威胁 1，惩罚 120|互动保真：普通碰不压过 AI 自身下叫|抢听优先：前期自己能先下叫，不为普通碰放弃速度|透视：保听/成叫|老麻将：抢先下叫，速度优先|手形好搭 4|手形愚形 6|三家协作：截断 P4，弃牌安全偏置 +520|三家协作：共同压制本家 P4|三家协作：主压制座位 1|三家协作：牌墙透视 4 张
hell_challenge_mid_peng_tile=5 feeds_peng=True ready=True reasons=透视向听 0|透视活张 4|围剿：本家可碰，威胁 1，惩罚 180|互动保真：普通碰不压过 AI 自身下叫|互动保真：中期本家未听，只给碰不下叫也可接受|透视：保听/成叫|老麻将：抢先下叫，速度优先|手形好搭 4|手形愚形 6|三家协作：截断 P4，弃牌安全偏置 +520|三家协作：共同压制本家 P4|三家协作：主压制座位 1|三家协作：牌墙透视 4 张
hell_challenge_late_peng_only_tile=5 feeds_peng=True ready=True reasons=透视向听 0|透视活张 4|围剿：本家可碰，威胁 1，惩罚 420|互动保真：普通碰不压过 AI 自身下叫|互动保真：后期本家已听，只给碰不点炮可接受|互动保真：尾盘只给碰不点炮，保留真实碰牌空间|透视：保听/成叫|老麻将：抢先下叫，速度优先|手形好搭 4|手形愚形 6|三家协作：截断 P4，弃牌安全偏置 +520|三家协作：共同压制本家 P4|三家协作：主压制座位 1|三家协作：牌墙透视 4 张
hell_challenge_direct_gang_action=Gang gang=2454 peng=2252 reasons=地狱挑战：杠后向听 0|地狱挑战：杠后活张 4|围剿：杠本家弃牌，截断本家下一摸 P4|三家协作：截断 P4，响应截断 +600|团队：明杠收雨钱并争取补牌|三家协作：共同压制本家 P4|三家协作：主压制座位 1|三家协作：牌墙透视 17 张
hell_challenge_peng_rediscard_tile_action=Gang gang=350 peng=-5648 reasons=地狱挑战：杠后向听 2|地狱挑战：杠后活张 15|三家协作：主压制 P2，响应截断 +80|团队：响应不明显降速，优先压制本家|团队：明杠收雨钱并争取补牌|三家协作：共同压制本家 P2|三家协作：主压制座位 3|三家协作：牌墙透视 16 张
hell_challenge_peng_shape_action=Peng gang=336 peng=826 reasons=地狱挑战：碰后向听 0|地狱挑战：碰后活张 10|三家协作：截断 P4，响应截断 +126|团队：响应后提速|三家协作：共同压制本家 P4|三家协作：主压制座位 2|三家协作：牌墙透视 16 张
late_wall_case37_tile=6 case84_tile=4 case215_tile=1 case215_top=1:5970/0/3/6,8:5743/0/3/6,4:5519/0/2/42,5:5502/0/2/45
seven_pairs_tenpai_reaction_action=Pass peng=-7320 pass=139
peng_rediscard_reaction_action=Gang gang=1190 peng=1094
hell_challenge_peng_rediscard_decisive action=Gang gang=350 peng=-5648 penalty=-6000
reaction_wide_no_speed_peng_action=Pass pass=-60 peng=-373 current=2/15 after=2/15
late_wall_no_speed_peng_action=Pass pass=-1 peng=-6060 current_live=16 after_live=16
late_wall_keep_ready_tile=0 score=6059 shanten=0
late_wall_abandoned_suit_tile=11 shanten=0 three_tong_danger=24 five_tong_danger=6
late_wall_marked_case64_tile=6 shanten=0 case253_tile=10 shanten=0
belief_reaction_action=Gang calls=1 builds=1 hits=0
mobile_reaction_action=Peng search_used=False simulations=0
belief_self_action=Gang calls=1 builds=1 hits=0
belief_cache_calls=2 builds=1 hits=1
early_big_pair_tile=13 selected_routes=对对胡 nine_score=-302 eight_tong=-1665 three_tong=5675 five_tong=5745 nine_routes=
fast_ready_priority_tile=10 shanten=0 wait=2 reasons=最小向听 0|活进张 6|净分期望 6.01|危险度 28（低危）|阶段 前期|策略 速听推进|宽叫 2 门|净分期望：估番 1.2，基础 1 分|收益 3.29 / 点炮损失 0.04|听形 双两面|两面 2|手形好搭 6|手形愚形 6|同向听改良 48|对子压力 1|前瞻改良 5.3|老麻将：能下叫先下叫，速度压过贪大牌|成叫且听口不窄，优先落袋|路线规划：平胡->平胡|平胡路线：保持速度和宽叫|连续搭子较长，拆张降权|前瞻修正 24.70 top=10:8990/0/2,14:8551/0/2,11:5516/0/1,13:3088/0/1,4:1546/1/0
big_pair_route_gap_prefers_big=False big=1000/74 ordinary=3200/18
potential_flush_tile=9 primary=清一色 selected_route=清一色 off=9:12323/1/清一色,16:7787/1/清一色,13:7626/1/清一色 target_top=4:74/2/平胡,1:-6/2/平胡,5:-464/2/平胡,2:-761/2/平胡 reasons=最小向听 1|活进张 9|净分期望 7.41|危险度 26（低危）|阶段 前期|策略 速听推进|净分期望：估番 3.1，基础 4 分|收益 5.48 / 点炮损失 0.03|手形好搭 5|手形愚形 10|同向听改良 42|搭子溢出 10|前瞻改良 12.2|下巡可降向听 0|路线规划：清一色->清一色|清色路线：优先清理异门牌|孤幺九单张优先处理|前瞻修正 27.16
quad_preservation_score=-18.0 reasons=四张同牌/归牌不轻拆，强降权
route_plan_diag primary=卡二条平胡 secondary=平胡/清七对/青龙七对 selected_route=青龙七对 route_score=1200 weights=平胡:99,卡二条平胡:100,大对子:14,清一色:64,暗七对:68,龙七对:58,清七对:88,青龙七对:80,清对:38
route_plan_five_pairs_call action=Pass pass=68 peng=-5055 gang=-5234 reasons=当前最快向听 1|当前潜在活张 26|仅在副露收益不足时才选择过牌|路线规划：主路线 青龙七对|对子 5，刻子 1，归潜力 0|单门 条 12 张，异门 1 张|副路线：清七对/清对/清一色|七对路线：碰杠会破坏七对，优先门清推进|清色路线：优先保留条，清理异门孤张
route_plan_three_pairs primary=平胡 selected=13 selected_route=平胡 reasons=最小向听 0|活进张 6|净分期望 6.09|危险度 30（低危）|阶段 前期|策略 速听推进|宽叫 2 门|净分期望：估番 1.2，基础 1 分|收益 3.40 / 点炮损失 0.07|听形 双两面|两面 2|手形好搭 6|手形愚形 8|同向听改良 36|对子压力 1|前瞻改良 5.7|下巡活进张可扩 12|老麻将：能下叫先下叫，速度压过贪大牌|成叫且听口不窄，优先落袋|路线规划：平胡->平胡|平胡路线：保持速度和宽叫|连续搭子较长，拆张降权|已下叫时中张顺子骨架不轻拆|前瞻修正 24.00
route_plan_self_gang action=Pass pass=77 gang=-6009 reasons=当前最快向听 0|当前活张 9|杠牌需由 C# 判断是否不拖慢成叫|路线规划：主路线 青龙七对|对子 5，刻子 1，归潜力 1|单门 条 13 张，异门 1 张|副路线：清七对/清对/清一色|七对路线：碰杠会破坏七对，优先门清推进|清色路线：优先保留条，清理异门孤张
triplet_break_regression_tile=4 selected_breaks_triplet=False nine_score=2741 nine_penalty=-2.4
orphan_terminal_case210_tile=17 case304_tile=17
isolated_terminal_case_tile=0 one_tiao=7479 one_tong=-69 eight_tiao=4945
haidi_pair_wait_tile=12 search=False four_tong=6681 five_tong=5293 four_danger=46 five_danger=46
bao_jiao_lock_tile=13 candidates=13
bao_jiao_declare=True keys=tiao_8 score=88
ready_central_seedlive_tile=11 three=9685/0/3/9 six=9429/0/3/9
extreme_danger_same_speed_tile=14 selected=1206/1/10/82 six_tiao=5126/1/10/87
