Godot Engine v4.6.2.stable.mono.official.71f334935 - https://godotengine.org

[NeijiangCSharpRuntime] ready
[GameState] bound native C# runtime ready=true
[GameState] bound native C# runtime ready=true
PASS startup_defaults_to_user_release_recording_off
[GameState] bound native C# runtime ready=true
PASS hell_challenge_mode_executes_oracle_without_recording
[GameState] bound native C# runtime ready=true
PASS hell_challenge_oracle_replaces_deal_in_discard
[GameState] bound native C# runtime ready=true
PASS hell_challenge_async_decision_applies_oracle
[GameState] bound native C# runtime ready=true
PASS user_release_skips_training_event_recording
[GameState] bound native C# runtime ready=true
PASS neijiang_uses_two_suits_without_ding_que
[GameState] bound native C# runtime ready=true
PASS neijiang_initial_deal_uses_72_tiles
[GameState] bound native C# runtime ready=true
PASS opening_dealer_self_hu_without_last_draw_is_available
[GameState] bound native C# runtime ready=true
PASS ai_async_decisions_reject_changed_hand_signature
[GameState] bound native C# runtime ready=true
PASS ai_bao_jiao_discard_rejects_non_last_draw
[GameState] bound native C# runtime ready=true
PASS ai_bao_jiao_unreported_fourth_9tong_discards_last_draw
[GameState] bound native C# runtime ready=true
PASS ai_bao_jiao_unreported_fourth_same_type_discards_last_draw
[GameState] bound native C# runtime ready=true
PASS ai_bao_jiao_signature_tracks_last_draw
NEIJIANG CURRENT SMOKE OK
